../Core/Src/main.c:82:6:HAL_UART_RxCpltCallback	24	static
../Core/Src/main.c:126:6:Transform_PWM	4	static
../Core/Src/main.c:167:6:HAL_TIM_IC_CaptureCallback	16	static
../Core/Src/main.c:179:6:HAL_GPIO_EXTI_Callback	16	static
../Core/Src/main.c:193:6:Stop_Motor	4	static
../Core/Src/main.c:207:5:main	8	static
../Core/Src/main.c:269:6:SystemClock_Config	72	static
../Core/Src/main.c:309:13:MX_TIM1_Init	80	static
../Core/Src/main.c:374:13:MX_TIM2_Init	48	static
../Core/Src/main.c:423:13:MX_USART2_UART_Init	8	static
../Core/Src/main.c:456:13:MX_GPIO_Init	40	static
../Core/Src/main.c:505:6:Error_Handler	4	static,ignoring_inline_asm
