../Core/Src/main.c:69:6:HAL_UART_RxCpltCallback	48	static
../Core/Src/main.c:91:6:Transform_PWM	4	static
../Core/Src/main.c:106:6:HAL_GPIO_EXTI_Callback	16	static
../Core/Src/main.c:120:6:HAL_TIM_IC_CaptureCallback	16	static
../Core/Src/main.c:134:6:Stop_Motor	4	static
../Core/Src/main.c:148:5:main	8	static
../Core/Src/main.c:203:6:SystemClock_Config	72	static
../Core/Src/main.c:243:13:MX_TIM1_Init	32	static
../Core/Src/main.c:292:13:MX_TIM2_Init	48	static
../Core/Src/main.c:341:13:MX_USART2_UART_Init	8	static
../Core/Src/main.c:374:13:MX_GPIO_Init	40	static
../Core/Src/main.c:423:6:Error_Handler	4	static,ignoring_inline_asm
